[debug] [2024-09-08T00:31:39.347Z] ----------------------------------------------------------------------
[debug] [2024-09-08T00:31:39.359Z] Command:       C:\Program Files\nodejs\node.exe C:\Users\Connection\AppData\Roaming\npm\node_modules\firebase-tools\lib\bin\firebase.js deploy --only functions
[debug] [2024-09-08T00:31:39.360Z] CLI Version:   13.16.0
[debug] [2024-09-08T00:31:39.361Z] Platform:      win32
[debug] [2024-09-08T00:31:39.361Z] Node Version:  v20.15.1
[debug] [2024-09-08T00:31:39.361Z] Time:          Sun Sep 08 2024 01:31:39 GMT+0100 (Hora de verão Britânica)
[debug] [2024-09-08T00:31:39.361Z] ----------------------------------------------------------------------
[debug] 
[debug] [2024-09-08T00:31:39.513Z] > command requires scopes: ["email","openid","https://www.googleapis.com/auth/cloudplatformprojects.readonly","https://www.googleapis.com/auth/firebase","https://www.googleapis.com/auth/cloud-platform"]
[debug] [2024-09-08T00:31:39.514Z] > authorizing via signed-in user (mohvicente.saide@gmail.com)
[debug] [2024-09-08T00:31:39.515Z] [iam] checking project connectiopos for permissions ["cloudfunctions.functions.create","cloudfunctions.functions.delete","cloudfunctions.functions.get","cloudfunctions.functions.list","cloudfunctions.functions.update","cloudfunctions.operations.get","firebase.projects.get"]
[debug] [2024-09-08T00:31:39.519Z] >>> [apiv2][query] POST https://cloudresourcemanager.googleapis.com/v1/projects/connectiopos:testIamPermissions [none]
[debug] [2024-09-08T00:31:39.520Z] >>> [apiv2][(partial)header] POST https://cloudresourcemanager.googleapis.com/v1/projects/connectiopos:testIamPermissions x-goog-quota-user=projects/connectiopos
[debug] [2024-09-08T00:31:39.520Z] >>> [apiv2][body] POST https://cloudresourcemanager.googleapis.com/v1/projects/connectiopos:testIamPermissions {"permissions":["cloudfunctions.functions.create","cloudfunctions.functions.delete","cloudfunctions.functions.get","cloudfunctions.functions.list","cloudfunctions.functions.update","cloudfunctions.operations.get","firebase.projects.get"]}
[debug] [2024-09-08T00:31:41.696Z] <<< [apiv2][status] POST https://cloudresourcemanager.googleapis.com/v1/projects/connectiopos:testIamPermissions 200
[debug] [2024-09-08T00:31:41.697Z] <<< [apiv2][body] POST https://cloudresourcemanager.googleapis.com/v1/projects/connectiopos:testIamPermissions {"permissions":["cloudfunctions.functions.create","cloudfunctions.functions.delete","cloudfunctions.functions.get","cloudfunctions.functions.list","cloudfunctions.functions.update","cloudfunctions.operations.get","firebase.projects.get"]}
[debug] [2024-09-08T00:31:41.698Z] >>> [apiv2][query] POST https://iam.googleapis.com/v1/projects/connectiopos/serviceAccounts/connectiopos@appspot.gserviceaccount.com:testIamPermissions [none]
[debug] [2024-09-08T00:31:41.699Z] >>> [apiv2][body] POST https://iam.googleapis.com/v1/projects/connectiopos/serviceAccounts/connectiopos@appspot.gserviceaccount.com:testIamPermissions {"permissions":["iam.serviceAccounts.actAs"]}
[debug] [2024-09-08T00:31:43.726Z] <<< [apiv2][status] POST https://iam.googleapis.com/v1/projects/connectiopos/serviceAccounts/connectiopos@appspot.gserviceaccount.com:testIamPermissions 200
[debug] [2024-09-08T00:31:43.726Z] <<< [apiv2][body] POST https://iam.googleapis.com/v1/projects/connectiopos/serviceAccounts/connectiopos@appspot.gserviceaccount.com:testIamPermissions {"permissions":["iam.serviceAccounts.actAs"]}
[info] 
[info] === Deploying to 'connectiopos'...
[info] 
[info] i  deploying functions 
[debug] [2024-09-08T00:31:43.733Z] >>> [apiv2][query] GET https://firebase.googleapis.com/v1beta1/projects/connectiopos [none]
[debug] [2024-09-08T00:31:44.719Z] <<< [apiv2][status] GET https://firebase.googleapis.com/v1beta1/projects/connectiopos 200
[debug] [2024-09-08T00:31:44.720Z] <<< [apiv2][body] GET https://firebase.googleapis.com/v1beta1/projects/connectiopos {"projectId":"connectiopos","projectNumber":"1083339114910","displayName":"connectiopos","name":"projects/connectiopos","resources":{"hostingSite":"connectiopos","realtimeDatabaseInstance":"connectiopos-default-rtdb","storageBucket":"connectiopos.appspot.com","locationId":"us-central"},"state":"ACTIVE","etag":"1_1f34600f-7a14-4893-bcb0-3fc66c5ad50a"}
[info] i  functions: preparing codebase default for deployment 
[info] i  functions: ensuring required API cloudfunctions.googleapis.com is enabled... 
[info] i  functions: ensuring required API cloudbuild.googleapis.com is enabled... 
[info] i  artifactregistry: ensuring required API artifactregistry.googleapis.com is enabled... 
[debug] [2024-09-08T00:31:44.725Z] >>> [apiv2][query] GET https://serviceusage.googleapis.com/v1/projects/connectiopos/services/cloudfunctions.googleapis.com [none]
[debug] [2024-09-08T00:31:44.725Z] >>> [apiv2][(partial)header] GET https://serviceusage.googleapis.com/v1/projects/connectiopos/services/cloudfunctions.googleapis.com x-goog-quota-user=projects/connectiopos
[debug] [2024-09-08T00:31:44.727Z] >>> [apiv2][query] GET https://serviceusage.googleapis.com/v1/projects/connectiopos/services/runtimeconfig.googleapis.com [none]
[debug] [2024-09-08T00:31:44.727Z] >>> [apiv2][(partial)header] GET https://serviceusage.googleapis.com/v1/projects/connectiopos/services/runtimeconfig.googleapis.com x-goog-quota-user=projects/connectiopos
[debug] [2024-09-08T00:31:44.730Z] >>> [apiv2][query] GET https://serviceusage.googleapis.com/v1/projects/connectiopos/services/cloudbuild.googleapis.com [none]
[debug] [2024-09-08T00:31:44.730Z] >>> [apiv2][(partial)header] GET https://serviceusage.googleapis.com/v1/projects/connectiopos/services/cloudbuild.googleapis.com x-goog-quota-user=projects/connectiopos
[debug] [2024-09-08T00:31:44.732Z] >>> [apiv2][query] GET https://serviceusage.googleapis.com/v1/projects/connectiopos/services/artifactregistry.googleapis.com [none]
[debug] [2024-09-08T00:31:44.732Z] >>> [apiv2][(partial)header] GET https://serviceusage.googleapis.com/v1/projects/connectiopos/services/artifactregistry.googleapis.com x-goog-quota-user=projects/connectiopos
[debug] [2024-09-08T00:31:47.028Z] <<< [apiv2][status] GET https://serviceusage.googleapis.com/v1/projects/connectiopos/services/cloudbuild.googleapis.com 200
[debug] [2024-09-08T00:31:47.028Z] <<< [apiv2][body] GET https://serviceusage.googleapis.com/v1/projects/connectiopos/services/cloudbuild.googleapis.com [omitted]
[warn] !  functions: missing required API cloudbuild.googleapis.com. Enabling now... 
[debug] [2024-09-08T00:31:47.030Z] >>> [apiv2][query] POST https://serviceusage.googleapis.com/v1/projects/connectiopos/services/cloudbuild.googleapis.com:enable [none]
[debug] [2024-09-08T00:31:47.030Z] >>> [apiv2][(partial)header] POST https://serviceusage.googleapis.com/v1/projects/connectiopos/services/cloudbuild.googleapis.com:enable x-goog-quota-user=projects/connectiopos
[debug] [2024-09-08T00:31:47.033Z] <<< [apiv2][status] GET https://serviceusage.googleapis.com/v1/projects/connectiopos/services/cloudfunctions.googleapis.com 200
[debug] [2024-09-08T00:31:47.033Z] <<< [apiv2][body] GET https://serviceusage.googleapis.com/v1/projects/connectiopos/services/cloudfunctions.googleapis.com [omitted]
[info] +  functions: required API cloudfunctions.googleapis.com is enabled 
[debug] [2024-09-08T00:31:47.035Z] <<< [apiv2][status] GET https://serviceusage.googleapis.com/v1/projects/connectiopos/services/runtimeconfig.googleapis.com 200
[debug] [2024-09-08T00:31:47.035Z] <<< [apiv2][body] GET https://serviceusage.googleapis.com/v1/projects/connectiopos/services/runtimeconfig.googleapis.com [omitted]
[debug] [2024-09-08T00:31:47.038Z] <<< [apiv2][status] GET https://serviceusage.googleapis.com/v1/projects/connectiopos/services/artifactregistry.googleapis.com 200
[debug] [2024-09-08T00:31:47.038Z] <<< [apiv2][body] GET https://serviceusage.googleapis.com/v1/projects/connectiopos/services/artifactregistry.googleapis.com [omitted]
[warn] !  artifactregistry: missing required API artifactregistry.googleapis.com. Enabling now... 
[debug] [2024-09-08T00:31:47.040Z] >>> [apiv2][query] POST https://serviceusage.googleapis.com/v1/projects/connectiopos/services/artifactregistry.googleapis.com:enable [none]
[debug] [2024-09-08T00:31:47.040Z] >>> [apiv2][(partial)header] POST https://serviceusage.googleapis.com/v1/projects/connectiopos/services/artifactregistry.googleapis.com:enable x-goog-quota-user=projects/connectiopos
[debug] [2024-09-08T00:31:48.979Z] <<< [apiv2][status] POST https://serviceusage.googleapis.com/v1/projects/connectiopos/services/artifactregistry.googleapis.com:enable 200
[debug] [2024-09-08T00:31:48.980Z] <<< [apiv2][body] POST https://serviceusage.googleapis.com/v1/projects/connectiopos/services/artifactregistry.googleapis.com:enable [omitted]
[debug] [2024-09-08T00:31:49.003Z] <<< [apiv2][status] POST https://serviceusage.googleapis.com/v1/projects/connectiopos/services/cloudbuild.googleapis.com:enable 200
[debug] [2024-09-08T00:31:49.004Z] <<< [apiv2][body] POST https://serviceusage.googleapis.com/v1/projects/connectiopos/services/cloudbuild.googleapis.com:enable [omitted]
[debug] [2024-09-08T00:31:58.991Z] >>> [apiv2][query] GET https://serviceusage.googleapis.com/v1/projects/connectiopos/services/artifactregistry.googleapis.com [none]
[debug] [2024-09-08T00:31:58.994Z] >>> [apiv2][(partial)header] GET https://serviceusage.googleapis.com/v1/projects/connectiopos/services/artifactregistry.googleapis.com x-goog-quota-user=projects/connectiopos
[debug] [2024-09-08T00:31:59.014Z] >>> [apiv2][query] GET https://serviceusage.googleapis.com/v1/projects/connectiopos/services/cloudbuild.googleapis.com [none]
[debug] [2024-09-08T00:31:59.014Z] >>> [apiv2][(partial)header] GET https://serviceusage.googleapis.com/v1/projects/connectiopos/services/cloudbuild.googleapis.com x-goog-quota-user=projects/connectiopos
[debug] [2024-09-08T00:32:01.041Z] <<< [apiv2][status] GET https://serviceusage.googleapis.com/v1/projects/connectiopos/services/cloudbuild.googleapis.com 200
[debug] [2024-09-08T00:32:01.041Z] <<< [apiv2][body] GET https://serviceusage.googleapis.com/v1/projects/connectiopos/services/cloudbuild.googleapis.com [omitted]
[info] +  functions: required API cloudbuild.googleapis.com is enabled 
[debug] [2024-09-08T00:32:01.059Z] <<< [apiv2][status] GET https://serviceusage.googleapis.com/v1/projects/connectiopos/services/artifactregistry.googleapis.com 200
[debug] [2024-09-08T00:32:01.060Z] <<< [apiv2][body] GET https://serviceusage.googleapis.com/v1/projects/connectiopos/services/artifactregistry.googleapis.com [omitted]
[info] +  artifactregistry: required API artifactregistry.googleapis.com is enabled 
[debug] [2024-09-08T00:32:01.065Z] >>> [apiv2][query] GET https://firebase.googleapis.com/v1beta1/projects/connectiopos/adminSdkConfig [none]
[debug] [2024-09-08T00:32:02.200Z] <<< [apiv2][status] GET https://firebase.googleapis.com/v1beta1/projects/connectiopos/adminSdkConfig 200
[debug] [2024-09-08T00:32:02.200Z] <<< [apiv2][body] GET https://firebase.googleapis.com/v1beta1/projects/connectiopos/adminSdkConfig {"projectId":"connectiopos","databaseURL":"https://connectiopos-default-rtdb.firebaseio.com","storageBucket":"connectiopos.appspot.com","locationId":"us-central"}
[debug] [2024-09-08T00:32:02.201Z] >>> [apiv2][query] GET https://runtimeconfig.googleapis.com/v1beta1/projects/connectiopos/configs [none]
[debug] [2024-09-08T00:32:03.197Z] <<< [apiv2][status] GET https://runtimeconfig.googleapis.com/v1beta1/projects/connectiopos/configs 200
[debug] [2024-09-08T00:32:03.197Z] <<< [apiv2][body] GET https://runtimeconfig.googleapis.com/v1beta1/projects/connectiopos/configs {"configs":[{"name":"projects/connectiopos/configs/gmail"}]}
[debug] [2024-09-08T00:32:03.198Z] >>> [apiv2][query] GET https://runtimeconfig.googleapis.com/v1beta1/projects/connectiopos/configs/gmail/variables [none]
[debug] [2024-09-08T00:32:03.610Z] <<< [apiv2][status] GET https://runtimeconfig.googleapis.com/v1beta1/projects/connectiopos/configs/gmail/variables 200
[debug] [2024-09-08T00:32:03.610Z] <<< [apiv2][body] GET https://runtimeconfig.googleapis.com/v1beta1/projects/connectiopos/configs/gmail/variables {"variables":[{"name":"projects/connectiopos/configs/gmail/variables/email","updateTime":"2024-06-04T23:20:04.647237127Z"},{"name":"projects/connectiopos/configs/gmail/variables/password","updateTime":"2024-06-04T23:20:04.038900150Z"}]}
[debug] [2024-09-08T00:32:03.611Z] >>> [apiv2][query] GET https://runtimeconfig.googleapis.com/v1beta1/projects/connectiopos/configs/gmail/variables/email [none]
[debug] [2024-09-08T00:32:03.612Z] >>> [apiv2][query] GET https://runtimeconfig.googleapis.com/v1beta1/projects/connectiopos/configs/gmail/variables/password [none]
[debug] [2024-09-08T00:32:03.974Z] <<< [apiv2][status] GET https://runtimeconfig.googleapis.com/v1beta1/projects/connectiopos/configs/gmail/variables/email 200
[debug] [2024-09-08T00:32:03.975Z] <<< [apiv2][body] GET https://runtimeconfig.googleapis.com/v1beta1/projects/connectiopos/configs/gmail/variables/email {"name":"projects/connectiopos/configs/gmail/variables/email","updateTime":"2024-06-04T23:20:04.647237127Z","text":"mohvicente.saide@gmail.com"}
[debug] [2024-09-08T00:32:04.299Z] <<< [apiv2][status] GET https://runtimeconfig.googleapis.com/v1beta1/projects/connectiopos/configs/gmail/variables/password 200
[debug] [2024-09-08T00:32:04.299Z] <<< [apiv2][body] GET https://runtimeconfig.googleapis.com/v1beta1/projects/connectiopos/configs/gmail/variables/password {"name":"projects/connectiopos/configs/gmail/variables/password","updateTime":"2024-06-04T23:20:04.038900150Z","text":"mohammad2019"}
[debug] [2024-09-08T00:32:04.307Z] Validating nodejs source
[debug] [2024-09-08T00:32:08.399Z] > [functions] package.json contents: {
  "name": "functions",
  "description": "Cloud Functions for Firebase",
  "scripts": {
    "serve": "firebase emulators:start --only functions",
    "shell": "firebase functions:shell",
    "start": "npm run shell",
    "deploy": "firebase deploy --only functions",
    "logs": "firebase functions:log"
  },
  "engines": {
    "node": "18"
  },
  "main": "index.js",
  "dependencies": {
    "firebase-admin": "^12.1.0",
    "firebase-functions": "^5.0.0"
  },
  "devDependencies": {
    "firebase-functions-test": "^3.1.0"
  },
  "private": true
}
[debug] [2024-09-08T00:32:08.401Z] Building nodejs source
[info] i  functions: Loading and analyzing source code for codebase default to determine what to deploy 
[debug] [2024-09-08T00:32:08.412Z] Could not find functions.yaml. Must use http discovery
[debug] [2024-09-08T00:32:08.436Z] Found firebase-functions binary at 'C:\Users\Connection\votasnap\functions\node_modules\.bin\firebase-functions'
[info] Serving at port 8863

[debug] [2024-09-08T00:32:10.793Z] Got response from /__/functions.yaml {"endpoints":{"sendSMSOnNewCotacao":{"platform":"gcfv1","availableMemoryMb":null,"timeoutSeconds":null,"minInstances":null,"maxInstances":null,"ingressSettings":null,"serviceAccountEmail":null,"vpc":null,"eventTrigger":{"eventType":"providers/google.firebase.database/eventTypes/ref.create","eventFilters":{"resource":"projects/_/instances/connectiopos-default-rtdb/refs/cotacoes/{cotacaoId}"},"retry":false},"labels":{},"entryPoint":"sendSMSOnNewCotacao"}},"specVersion":"v1alpha1","requiredAPIs":[],"extensions":{}}
[info] i  functions: preparing functions directory for uploading... 
[info] i  functions: packaged C:\Users\Connection\votasnap\functions (61.91 KB) for uploading 
[debug] [2024-09-08T00:32:16.007Z] >>> [apiv2][query] GET https://cloudfunctions.googleapis.com/v1/projects/connectiopos/locations/-/functions [none]
[debug] [2024-09-08T00:32:17.309Z] <<< [apiv2][status] GET https://cloudfunctions.googleapis.com/v1/projects/connectiopos/locations/-/functions 200
[debug] [2024-09-08T00:32:17.310Z] <<< [apiv2][body] GET https://cloudfunctions.googleapis.com/v1/projects/connectiopos/locations/-/functions {}
[debug] [2024-09-08T00:32:17.312Z] >>> [apiv2][query] GET https://cloudfunctions.googleapis.com/v2/projects/connectiopos/locations/-/functions filter=environment%3D%22GEN_2%22
[debug] [2024-09-08T00:32:18.489Z] <<< [apiv2][status] GET https://cloudfunctions.googleapis.com/v2/projects/connectiopos/locations/-/functions 200
[debug] [2024-09-08T00:32:18.489Z] <<< [apiv2][body] GET https://cloudfunctions.googleapis.com/v2/projects/connectiopos/locations/-/functions {}
[debug] [2024-09-08T00:32:18.505Z] >>> [apiv2][query] GET https://firebase.googleapis.com/v1beta1/projects/connectiopos [none]
[debug] [2024-09-08T00:32:19.271Z] <<< [apiv2][status] GET https://firebase.googleapis.com/v1beta1/projects/connectiopos 200
[debug] [2024-09-08T00:32:19.271Z] <<< [apiv2][body] GET https://firebase.googleapis.com/v1beta1/projects/connectiopos {"projectId":"connectiopos","projectNumber":"1083339114910","displayName":"connectiopos","name":"projects/connectiopos","resources":{"hostingSite":"connectiopos","realtimeDatabaseInstance":"connectiopos-default-rtdb","storageBucket":"connectiopos.appspot.com","locationId":"us-central"},"state":"ACTIVE","etag":"1_1f34600f-7a14-4893-bcb0-3fc66c5ad50a"}
[debug] [2024-09-08T00:32:19.278Z] >>> [apiv2][query] POST https://cloudfunctions.googleapis.com/v1/projects/connectiopos/locations/us-central1/functions:generateUploadUrl [none]
[debug] [2024-09-08T00:32:19.278Z] >>> [apiv2][body] POST https://cloudfunctions.googleapis.com/v1/projects/connectiopos/locations/us-central1/functions:generateUploadUrl {}
[debug] [2024-09-08T00:32:28.389Z] <<< [apiv2][status] POST https://cloudfunctions.googleapis.com/v1/projects/connectiopos/locations/us-central1/functions:generateUploadUrl 200
[debug] [2024-09-08T00:32:28.390Z] <<< [apiv2][body] POST https://cloudfunctions.googleapis.com/v1/projects/connectiopos/locations/us-central1/functions:generateUploadUrl {"uploadUrl":"https://storage.googleapis.com/uploads-911273786253.us-central1.cloudfunctions.appspot.com/a1d718a3-2e1a-43e0-97d9-5fb65a948f08.zip?GoogleAccessId=service-1083339114910@gcf-admin-robot.iam.gserviceaccount.com&Expires=1725757350&Signature=jSq2FQxyv2q4RxLDr2if2Zp%2F9Tai7GAtRop9ZBKexCe6q9Uf%2FdxgY9zclHjF9W0EzqVsSNf1jWMRdarAhTelPA%2FsoeOUv8SMADupqNoN9JMEFj1Y7cef4HOB6BXEelO3Hz4qpMIXqskZC9%2B5t5YHLum8MrqSIdUcRrzponvvQRRPh4g4NSJyR0l%2F6om4CyAhN48z%2FhOEFhnzjUolIGghtasinjrFX24nWMqf9kExYkfCWbskpq760eNqBghkY1fE3sz%2B0R4LaTwByj2Gg2%2FubGHjZaNtlmuxoHuz2tbb%2Fn37d6jkDq51YrL41V%2BgM2WKFQ1TSs1fh0Ex9rq3Lq9RIw%3D%3D"}
[debug] [2024-09-08T00:32:28.411Z] >>> [apiv2][query] PUT https://storage.googleapis.com/uploads-911273786253.us-central1.cloudfunctions.appspot.com/a1d718a3-2e1a-43e0-97d9-5fb65a948f08.zip GoogleAccessId=service-1083339114910%40gcf-admin-robot.iam.gserviceaccount.com&Expires=1725757350&Signature=jSq2FQxyv2q4RxLDr2if2Zp%2F9Tai7GAtRop9ZBKexCe6q9Uf%2FdxgY9zclHjF9W0EzqVsSNf1jWMRdarAhTelPA%2FsoeOUv8SMADupqNoN9JMEFj1Y7cef4HOB6BXEelO3Hz4qpMIXqskZC9%2B5t5YHLum8MrqSIdUcRrzponvvQRRPh4g4NSJyR0l%2F6om4CyAhN48z%2FhOEFhnzjUolIGghtasinjrFX24nWMqf9kExYkfCWbskpq760eNqBghkY1fE3sz%2B0R4LaTwByj2Gg2%2FubGHjZaNtlmuxoHuz2tbb%2Fn37d6jkDq51YrL41V%2BgM2WKFQ1TSs1fh0Ex9rq3Lq9RIw%3D%3D
[debug] [2024-09-08T00:32:28.412Z] >>> [apiv2][body] PUT https://storage.googleapis.com/uploads-911273786253.us-central1.cloudfunctions.appspot.com/a1d718a3-2e1a-43e0-97d9-5fb65a948f08.zip [stream]
[debug] [2024-09-08T00:32:31.354Z] <<< [apiv2][status] PUT https://storage.googleapis.com/uploads-911273786253.us-central1.cloudfunctions.appspot.com/a1d718a3-2e1a-43e0-97d9-5fb65a948f08.zip 200
[debug] [2024-09-08T00:32:31.354Z] <<< [apiv2][body] PUT https://storage.googleapis.com/uploads-911273786253.us-central1.cloudfunctions.appspot.com/a1d718a3-2e1a-43e0-97d9-5fb65a948f08.zip [omitted]
[info] +  functions: functions folder uploaded successfully 
[info] i  functions: creating Node.js 18 (1st Gen) function sendSMSOnNewCotacao(us-central1)... 
[debug] [2024-09-08T00:32:31.411Z] >>> [apiv2][query] POST https://cloudfunctions.googleapis.com/v1/projects/connectiopos/locations/us-central1/functions [none]
[debug] [2024-09-08T00:32:31.411Z] >>> [apiv2][body] POST https://cloudfunctions.googleapis.com/v1/projects/connectiopos/locations/us-central1/functions {"name":"projects/connectiopos/locations/us-central1/functions/sendSMSOnNewCotacao","sourceUploadUrl":"https://storage.googleapis.com/uploads-911273786253.us-central1.cloudfunctions.appspot.com/a1d718a3-2e1a-43e0-97d9-5fb65a948f08.zip?GoogleAccessId=service-1083339114910@gcf-admin-robot.iam.gserviceaccount.com&Expires=1725757350&Signature=jSq2FQxyv2q4RxLDr2if2Zp%2F9Tai7GAtRop9ZBKexCe6q9Uf%2FdxgY9zclHjF9W0EzqVsSNf1jWMRdarAhTelPA%2FsoeOUv8SMADupqNoN9JMEFj1Y7cef4HOB6BXEelO3Hz4qpMIXqskZC9%2B5t5YHLum8MrqSIdUcRrzponvvQRRPh4g4NSJyR0l%2F6om4CyAhN48z%2FhOEFhnzjUolIGghtasinjrFX24nWMqf9kExYkfCWbskpq760eNqBghkY1fE3sz%2B0R4LaTwByj2Gg2%2FubGHjZaNtlmuxoHuz2tbb%2Fn37d6jkDq51YrL41V%2BgM2WKFQ1TSs1fh0Ex9rq3Lq9RIw%3D%3D","entryPoint":"sendSMSOnNewCotacao","runtime":"nodejs18","dockerRegistry":"ARTIFACT_REGISTRY","labels":{"deployment-tool":"cli-firebase","firebase-functions-hash":"551efe091d1a94e7735e0e19100df48dc005dc02"},"eventTrigger":{"eventType":"providers/google.firebase.database/eventTypes/ref.create","resource":"projects/_/instances/connectiopos-default-rtdb/refs/cotacoes/{cotacaoId}"},"minInstances":null,"maxInstances":null,"ingressSettings":null,"environmentVariables":{"FIREBASE_CONFIG":"{\"projectId\":\"connectiopos\",\"databaseURL\":\"https://connectiopos-default-rtdb.firebaseio.com\",\"storageBucket\":\"connectiopos.appspot.com\",\"locationId\":\"us-central\"}","GCLOUD_PROJECT":"connectiopos","EVENTARC_CLOUD_EVENT_SOURCE":"projects/connectiopos/locations/us-central1/functions/sendSMSOnNewCotacao"},"serviceAccountEmail":null,"availableMemoryMb":null,"timeout":null,"vpcConnector":null,"vpcConnectorEgressSettings":null,"buildEnvironmentVariables":{"GOOGLE_NODE_RUN_SCRIPTS":""}}
[debug] [2024-09-08T00:32:33.385Z] <<< [apiv2][status] POST https://cloudfunctions.googleapis.com/v1/projects/connectiopos/locations/us-central1/functions 200
[debug] [2024-09-08T00:32:33.386Z] <<< [apiv2][body] POST https://cloudfunctions.googleapis.com/v1/projects/connectiopos/locations/us-central1/functions {"name":"operations/Y29ubmVjdGlvcG9zL3VzLWNlbnRyYWwxL3NlbmRTTVNPbk5ld0NvdGFjYW8vUTNYNkhZLV9FSVU","metadata":{"@type":"type.googleapis.com/google.cloud.functions.v1.OperationMetadataV1","target":"projects/connectiopos/locations/us-central1/functions/sendSMSOnNewCotacao","type":"CREATE_FUNCTION","request":{"@type":"type.googleapis.com/google.cloud.functions.v1.CloudFunction","name":"projects/connectiopos/locations/us-central1/functions/sendSMSOnNewCotacao","eventTrigger":{"eventType":"providers/google.firebase.database/eventTypes/ref.create","resource":"projects/_/instances/connectiopos-default-rtdb/refs/cotacoes/{cotacaoId}"},"entryPoint":"sendSMSOnNewCotacao","labels":{"deployment-tool":"cli-firebase","firebase-functions-hash":"551efe091d1a94e7735e0e19100df48dc005dc02"},"sourceUploadUrl":"https://storage.googleapis.com/uploads-911273786253.us-central1.cloudfunctions.appspot.com/a1d718a3-2e1a-43e0-97d9-5fb65a948f08.zip?GoogleAccessId=service-1083339114910@gcf-admin-robot.iam.gserviceaccount.com&Expires=1725757350&Signature=jSq2FQxyv2q4RxLDr2if2Zp%2F9Tai7GAtRop9ZBKexCe6q9Uf%2FdxgY9zclHjF9W0EzqVsSNf1jWMRdarAhTelPA%2FsoeOUv8SMADupqNoN9JMEFj1Y7cef4HOB6BXEelO3Hz4qpMIXqskZC9%2B5t5YHLum8MrqSIdUcRrzponvvQRRPh4g4NSJyR0l%2F6om4CyAhN48z%2FhOEFhnzjUolIGghtasinjrFX24nWMqf9kExYkfCWbskpq760eNqBghkY1fE3sz%2B0R4LaTwByj2Gg2%2FubGHjZaNtlmuxoHuz2tbb%2Fn37d6jkDq51YrL41V%2BgM2WKFQ1TSs1fh0Ex9rq3Lq9RIw%3D%3D","environmentVariables":{"FIREBASE_CONFIG":"{\"projectId\":\"connectiopos\",\"databaseURL\":\"https://connectiopos-default-rtdb.firebaseio.com\",\"storageBucket\":\"connectiopos.appspot.com\",\"locationId\":\"us-central\"}","GCLOUD_PROJECT":"connectiopos","EVENTARC_CLOUD_EVENT_SOURCE":"projects/connectiopos/locations/us-central1/functions/sendSMSOnNewCotacao"},"runtime":"nodejs18","buildEnvironmentVariables":{"GOOGLE_NODE_RUN_SCRIPTS":""},"dockerRegistry":"ARTIFACT_REGISTRY"},"versionId":"1","updateTime":"2024-09-08T00:32:35Z"}}
[debug] [2024-09-08T00:32:33.412Z] >>> [apiv2][query] GET https://cloudfunctions.googleapis.com/v1/operations/Y29ubmVjdGlvcG9zL3VzLWNlbnRyYWwxL3NlbmRTTVNPbk5ld0NvdGFjYW8vUTNYNkhZLV9FSVU [none]
[debug] [2024-09-08T00:32:33.848Z] <<< [apiv2][status] GET https://cloudfunctions.googleapis.com/v1/operations/Y29ubmVjdGlvcG9zL3VzLWNlbnRyYWwxL3NlbmRTTVNPbk5ld0NvdGFjYW8vUTNYNkhZLV9FSVU 200
[debug] [2024-09-08T00:32:33.848Z] <<< [apiv2][body] GET https://cloudfunctions.googleapis.com/v1/operations/Y29ubmVjdGlvcG9zL3VzLWNlbnRyYWwxL3NlbmRTTVNPbk5ld0NvdGFjYW8vUTNYNkhZLV9FSVU {"name":"operations/Y29ubmVjdGlvcG9zL3VzLWNlbnRyYWwxL3NlbmRTTVNPbk5ld0NvdGFjYW8vUTNYNkhZLV9FSVU","metadata":{"@type":"type.googleapis.com/google.cloud.functions.v1.OperationMetadataV1","target":"projects/connectiopos/locations/us-central1/functions/sendSMSOnNewCotacao","type":"CREATE_FUNCTION","request":{"@type":"type.googleapis.com/google.cloud.functions.v1.CloudFunction","name":"projects/connectiopos/locations/us-central1/functions/sendSMSOnNewCotacao","eventTrigger":{"eventType":"providers/google.firebase.database/eventTypes/ref.create","resource":"projects/_/instances/connectiopos-default-rtdb/refs/cotacoes/{cotacaoId}"},"entryPoint":"sendSMSOnNewCotacao","labels":{"deployment-tool":"cli-firebase","firebase-functions-hash":"551efe091d1a94e7735e0e19100df48dc005dc02"},"sourceUploadUrl":"https://storage.googleapis.com/uploads-911273786253.us-central1.cloudfunctions.appspot.com/a1d718a3-2e1a-43e0-97d9-5fb65a948f08.zip?GoogleAccessId=service-1083339114910@gcf-admin-robot.iam.gserviceaccount.com&Expires=1725757350&Signature=jSq2FQxyv2q4RxLDr2if2Zp%2F9Tai7GAtRop9ZBKexCe6q9Uf%2FdxgY9zclHjF9W0EzqVsSNf1jWMRdarAhTelPA%2FsoeOUv8SMADupqNoN9JMEFj1Y7cef4HOB6BXEelO3Hz4qpMIXqskZC9%2B5t5YHLum8MrqSIdUcRrzponvvQRRPh4g4NSJyR0l%2F6om4CyAhN48z%2FhOEFhnzjUolIGghtasinjrFX24nWMqf9kExYkfCWbskpq760eNqBghkY1fE3sz%2B0R4LaTwByj2Gg2%2FubGHjZaNtlmuxoHuz2tbb%2Fn37d6jkDq51YrL41V%2BgM2WKFQ1TSs1fh0Ex9rq3Lq9RIw%3D%3D","environmentVariables":{"FIREBASE_CONFIG":"{\"projectId\":\"connectiopos\",\"databaseURL\":\"https://connectiopos-default-rtdb.firebaseio.com\",\"storageBucket\":\"connectiopos.appspot.com\",\"locationId\":\"us-central\"}","GCLOUD_PROJECT":"connectiopos","EVENTARC_CLOUD_EVENT_SOURCE":"projects/connectiopos/locations/us-central1/functions/sendSMSOnNewCotacao"},"runtime":"nodejs18","buildEnvironmentVariables":{"GOOGLE_NODE_RUN_SCRIPTS":""},"dockerRegistry":"ARTIFACT_REGISTRY"},"versionId":"1","updateTime":"2024-09-08T00:32:35Z"}}
[debug] [2024-09-08T00:32:34.375Z] [create-default-us-central1-sendSMSOnNewCotacao] Retrying task index 0
[debug] [2024-09-08T00:32:34.376Z] >>> [apiv2][query] GET https://cloudfunctions.googleapis.com/v1/operations/Y29ubmVjdGlvcG9zL3VzLWNlbnRyYWwxL3NlbmRTTVNPbk5ld0NvdGFjYW8vUTNYNkhZLV9FSVU [none]
[debug] [2024-09-08T00:32:34.769Z] <<< [apiv2][status] GET https://cloudfunctions.googleapis.com/v1/operations/Y29ubmVjdGlvcG9zL3VzLWNlbnRyYWwxL3NlbmRTTVNPbk5ld0NvdGFjYW8vUTNYNkhZLV9FSVU 200
[debug] [2024-09-08T00:32:34.769Z] <<< [apiv2][body] GET https://cloudfunctions.googleapis.com/v1/operations/Y29ubmVjdGlvcG9zL3VzLWNlbnRyYWwxL3NlbmRTTVNPbk5ld0NvdGFjYW8vUTNYNkhZLV9FSVU {"name":"operations/Y29ubmVjdGlvcG9zL3VzLWNlbnRyYWwxL3NlbmRTTVNPbk5ld0NvdGFjYW8vUTNYNkhZLV9FSVU","metadata":{"@type":"type.googleapis.com/google.cloud.functions.v1.OperationMetadataV1","target":"projects/connectiopos/locations/us-central1/functions/sendSMSOnNewCotacao","type":"CREATE_FUNCTION","request":{"@type":"type.googleapis.com/google.cloud.functions.v1.CloudFunction","name":"projects/connectiopos/locations/us-central1/functions/sendSMSOnNewCotacao","eventTrigger":{"eventType":"providers/google.firebase.database/eventTypes/ref.create","resource":"projects/_/instances/connectiopos-default-rtdb/refs/cotacoes/{cotacaoId}"},"entryPoint":"sendSMSOnNewCotacao","labels":{"deployment-tool":"cli-firebase","firebase-functions-hash":"551efe091d1a94e7735e0e19100df48dc005dc02"},"sourceUploadUrl":"https://storage.googleapis.com/uploads-911273786253.us-central1.cloudfunctions.appspot.com/a1d718a3-2e1a-43e0-97d9-5fb65a948f08.zip?GoogleAccessId=service-1083339114910@gcf-admin-robot.iam.gserviceaccount.com&Expires=1725757350&Signature=jSq2FQxyv2q4RxLDr2if2Zp%2F9Tai7GAtRop9ZBKexCe6q9Uf%2FdxgY9zclHjF9W0EzqVsSNf1jWMRdarAhTelPA%2FsoeOUv8SMADupqNoN9JMEFj1Y7cef4HOB6BXEelO3Hz4qpMIXqskZC9%2B5t5YHLum8MrqSIdUcRrzponvvQRRPh4g4NSJyR0l%2F6om4CyAhN48z%2FhOEFhnzjUolIGghtasinjrFX24nWMqf9kExYkfCWbskpq760eNqBghkY1fE3sz%2B0R4LaTwByj2Gg2%2FubGHjZaNtlmuxoHuz2tbb%2Fn37d6jkDq51YrL41V%2BgM2WKFQ1TSs1fh0Ex9rq3Lq9RIw%3D%3D","environmentVariables":{"FIREBASE_CONFIG":"{\"projectId\":\"connectiopos\",\"databaseURL\":\"https://connectiopos-default-rtdb.firebaseio.com\",\"storageBucket\":\"connectiopos.appspot.com\",\"locationId\":\"us-central\"}","GCLOUD_PROJECT":"connectiopos","EVENTARC_CLOUD_EVENT_SOURCE":"projects/connectiopos/locations/us-central1/functions/sendSMSOnNewCotacao"},"runtime":"nodejs18","buildEnvironmentVariables":{"GOOGLE_NODE_RUN_SCRIPTS":""},"dockerRegistry":"ARTIFACT_REGISTRY"},"versionId":"1","updateTime":"2024-09-08T00:32:35Z"}}
[debug] [2024-09-08T00:32:35.784Z] [create-default-us-central1-sendSMSOnNewCotacao] Retrying task index 0
[debug] [2024-09-08T00:32:35.785Z] >>> [apiv2][query] GET https://cloudfunctions.googleapis.com/v1/operations/Y29ubmVjdGlvcG9zL3VzLWNlbnRyYWwxL3NlbmRTTVNPbk5ld0NvdGFjYW8vUTNYNkhZLV9FSVU [none]
[debug] [2024-09-08T00:32:36.367Z] <<< [apiv2][status] GET https://cloudfunctions.googleapis.com/v1/operations/Y29ubmVjdGlvcG9zL3VzLWNlbnRyYWwxL3NlbmRTTVNPbk5ld0NvdGFjYW8vUTNYNkhZLV9FSVU 200
[debug] [2024-09-08T00:32:36.367Z] <<< [apiv2][body] GET https://cloudfunctions.googleapis.com/v1/operations/Y29ubmVjdGlvcG9zL3VzLWNlbnRyYWwxL3NlbmRTTVNPbk5ld0NvdGFjYW8vUTNYNkhZLV9FSVU {"name":"operations/Y29ubmVjdGlvcG9zL3VzLWNlbnRyYWwxL3NlbmRTTVNPbk5ld0NvdGFjYW8vUTNYNkhZLV9FSVU","metadata":{"@type":"type.googleapis.com/google.cloud.functions.v1.OperationMetadataV1","target":"projects/connectiopos/locations/us-central1/functions/sendSMSOnNewCotacao","type":"CREATE_FUNCTION","request":{"@type":"type.googleapis.com/google.cloud.functions.v1.CloudFunction","name":"projects/connectiopos/locations/us-central1/functions/sendSMSOnNewCotacao","eventTrigger":{"eventType":"providers/google.firebase.database/eventTypes/ref.create","resource":"projects/_/instances/connectiopos-default-rtdb/refs/cotacoes/{cotacaoId}"},"entryPoint":"sendSMSOnNewCotacao","labels":{"deployment-tool":"cli-firebase","firebase-functions-hash":"551efe091d1a94e7735e0e19100df48dc005dc02"},"sourceUploadUrl":"https://storage.googleapis.com/uploads-911273786253.us-central1.cloudfunctions.appspot.com/a1d718a3-2e1a-43e0-97d9-5fb65a948f08.zip?GoogleAccessId=service-1083339114910@gcf-admin-robot.iam.gserviceaccount.com&Expires=1725757350&Signature=jSq2FQxyv2q4RxLDr2if2Zp%2F9Tai7GAtRop9ZBKexCe6q9Uf%2FdxgY9zclHjF9W0EzqVsSNf1jWMRdarAhTelPA%2FsoeOUv8SMADupqNoN9JMEFj1Y7cef4HOB6BXEelO3Hz4qpMIXqskZC9%2B5t5YHLum8MrqSIdUcRrzponvvQRRPh4g4NSJyR0l%2F6om4CyAhN48z%2FhOEFhnzjUolIGghtasinjrFX24nWMqf9kExYkfCWbskpq760eNqBghkY1fE3sz%2B0R4LaTwByj2Gg2%2FubGHjZaNtlmuxoHuz2tbb%2Fn37d6jkDq51YrL41V%2BgM2WKFQ1TSs1fh0Ex9rq3Lq9RIw%3D%3D","environmentVariables":{"FIREBASE_CONFIG":"{\"projectId\":\"connectiopos\",\"databaseURL\":\"https://connectiopos-default-rtdb.firebaseio.com\",\"storageBucket\":\"connectiopos.appspot.com\",\"locationId\":\"us-central\"}","GCLOUD_PROJECT":"connectiopos","EVENTARC_CLOUD_EVENT_SOURCE":"projects/connectiopos/locations/us-central1/functions/sendSMSOnNewCotacao"},"runtime":"nodejs18","buildEnvironmentVariables":{"GOOGLE_NODE_RUN_SCRIPTS":""},"dockerRegistry":"ARTIFACT_REGISTRY"},"versionId":"1","updateTime":"2024-09-08T00:32:35Z"}}
[debug] [2024-09-08T00:32:38.379Z] [create-default-us-central1-sendSMSOnNewCotacao] Retrying task index 0
[debug] [2024-09-08T00:32:38.379Z] >>> [apiv2][query] GET https://cloudfunctions.googleapis.com/v1/operations/Y29ubmVjdGlvcG9zL3VzLWNlbnRyYWwxL3NlbmRTTVNPbk5ld0NvdGFjYW8vUTNYNkhZLV9FSVU [none]
[debug] [2024-09-08T00:32:38.804Z] <<< [apiv2][status] GET https://cloudfunctions.googleapis.com/v1/operations/Y29ubmVjdGlvcG9zL3VzLWNlbnRyYWwxL3NlbmRTTVNPbk5ld0NvdGFjYW8vUTNYNkhZLV9FSVU 200
[debug] [2024-09-08T00:32:38.805Z] <<< [apiv2][body] GET https://cloudfunctions.googleapis.com/v1/operations/Y29ubmVjdGlvcG9zL3VzLWNlbnRyYWwxL3NlbmRTTVNPbk5ld0NvdGFjYW8vUTNYNkhZLV9FSVU {"name":"operations/Y29ubmVjdGlvcG9zL3VzLWNlbnRyYWwxL3NlbmRTTVNPbk5ld0NvdGFjYW8vUTNYNkhZLV9FSVU","metadata":{"@type":"type.googleapis.com/google.cloud.functions.v1.OperationMetadataV1","target":"projects/connectiopos/locations/us-central1/functions/sendSMSOnNewCotacao","type":"CREATE_FUNCTION","request":{"@type":"type.googleapis.com/google.cloud.functions.v1.CloudFunction","name":"projects/connectiopos/locations/us-central1/functions/sendSMSOnNewCotacao","eventTrigger":{"eventType":"providers/google.firebase.database/eventTypes/ref.create","resource":"projects/_/instances/connectiopos-default-rtdb/refs/cotacoes/{cotacaoId}"},"entryPoint":"sendSMSOnNewCotacao","labels":{"deployment-tool":"cli-firebase","firebase-functions-hash":"551efe091d1a94e7735e0e19100df48dc005dc02"},"sourceUploadUrl":"https://storage.googleapis.com/uploads-911273786253.us-central1.cloudfunctions.appspot.com/a1d718a3-2e1a-43e0-97d9-5fb65a948f08.zip?GoogleAccessId=service-1083339114910@gcf-admin-robot.iam.gserviceaccount.com&Expires=1725757350&Signature=jSq2FQxyv2q4RxLDr2if2Zp%2F9Tai7GAtRop9ZBKexCe6q9Uf%2FdxgY9zclHjF9W0EzqVsSNf1jWMRdarAhTelPA%2FsoeOUv8SMADupqNoN9JMEFj1Y7cef4HOB6BXEelO3Hz4qpMIXqskZC9%2B5t5YHLum8MrqSIdUcRrzponvvQRRPh4g4NSJyR0l%2F6om4CyAhN48z%2FhOEFhnzjUolIGghtasinjrFX24nWMqf9kExYkfCWbskpq760eNqBghkY1fE3sz%2B0R4LaTwByj2Gg2%2FubGHjZaNtlmuxoHuz2tbb%2Fn37d6jkDq51YrL41V%2BgM2WKFQ1TSs1fh0Ex9rq3Lq9RIw%3D%3D","environmentVariables":{"FIREBASE_CONFIG":"{\"projectId\":\"connectiopos\",\"databaseURL\":\"https://connectiopos-default-rtdb.firebaseio.com\",\"storageBucket\":\"connectiopos.appspot.com\",\"locationId\":\"us-central\"}","GCLOUD_PROJECT":"connectiopos","EVENTARC_CLOUD_EVENT_SOURCE":"projects/connectiopos/locations/us-central1/functions/sendSMSOnNewCotacao"},"runtime":"nodejs18","buildEnvironmentVariables":{"GOOGLE_NODE_RUN_SCRIPTS":""},"dockerRegistry":"ARTIFACT_REGISTRY"},"versionId":"1","updateTime":"2024-09-08T00:32:35Z"}}
[debug] [2024-09-08T00:32:42.812Z] [create-default-us-central1-sendSMSOnNewCotacao] Retrying task index 0
[debug] [2024-09-08T00:32:42.814Z] >>> [apiv2][query] GET https://cloudfunctions.googleapis.com/v1/operations/Y29ubmVjdGlvcG9zL3VzLWNlbnRyYWwxL3NlbmRTTVNPbk5ld0NvdGFjYW8vUTNYNkhZLV9FSVU [none]
[debug] [2024-09-08T00:32:43.227Z] <<< [apiv2][status] GET https://cloudfunctions.googleapis.com/v1/operations/Y29ubmVjdGlvcG9zL3VzLWNlbnRyYWwxL3NlbmRTTVNPbk5ld0NvdGFjYW8vUTNYNkhZLV9FSVU 200
[debug] [2024-09-08T00:32:43.228Z] <<< [apiv2][body] GET https://cloudfunctions.googleapis.com/v1/operations/Y29ubmVjdGlvcG9zL3VzLWNlbnRyYWwxL3NlbmRTTVNPbk5ld0NvdGFjYW8vUTNYNkhZLV9FSVU {"name":"operations/Y29ubmVjdGlvcG9zL3VzLWNlbnRyYWwxL3NlbmRTTVNPbk5ld0NvdGFjYW8vUTNYNkhZLV9FSVU","metadata":{"@type":"type.googleapis.com/google.cloud.functions.v1.OperationMetadataV1","target":"projects/connectiopos/locations/us-central1/functions/sendSMSOnNewCotacao","type":"CREATE_FUNCTION","request":{"@type":"type.googleapis.com/google.cloud.functions.v1.CloudFunction","name":"projects/connectiopos/locations/us-central1/functions/sendSMSOnNewCotacao","eventTrigger":{"eventType":"providers/google.firebase.database/eventTypes/ref.create","resource":"projects/_/instances/connectiopos-default-rtdb/refs/cotacoes/{cotacaoId}"},"entryPoint":"sendSMSOnNewCotacao","labels":{"deployment-tool":"cli-firebase","firebase-functions-hash":"551efe091d1a94e7735e0e19100df48dc005dc02"},"sourceUploadUrl":"https://storage.googleapis.com/uploads-911273786253.us-central1.cloudfunctions.appspot.com/a1d718a3-2e1a-43e0-97d9-5fb65a948f08.zip?GoogleAccessId=service-1083339114910@gcf-admin-robot.iam.gserviceaccount.com&Expires=1725757350&Signature=jSq2FQxyv2q4RxLDr2if2Zp%2F9Tai7GAtRop9ZBKexCe6q9Uf%2FdxgY9zclHjF9W0EzqVsSNf1jWMRdarAhTelPA%2FsoeOUv8SMADupqNoN9JMEFj1Y7cef4HOB6BXEelO3Hz4qpMIXqskZC9%2B5t5YHLum8MrqSIdUcRrzponvvQRRPh4g4NSJyR0l%2F6om4CyAhN48z%2FhOEFhnzjUolIGghtasinjrFX24nWMqf9kExYkfCWbskpq760eNqBghkY1fE3sz%2B0R4LaTwByj2Gg2%2FubGHjZaNtlmuxoHuz2tbb%2Fn37d6jkDq51YrL41V%2BgM2WKFQ1TSs1fh0Ex9rq3Lq9RIw%3D%3D","environmentVariables":{"FIREBASE_CONFIG":"{\"projectId\":\"connectiopos\",\"databaseURL\":\"https://connectiopos-default-rtdb.firebaseio.com\",\"storageBucket\":\"connectiopos.appspot.com\",\"locationId\":\"us-central\"}","GCLOUD_PROJECT":"connectiopos","EVENTARC_CLOUD_EVENT_SOURCE":"projects/connectiopos/locations/us-central1/functions/sendSMSOnNewCotacao"},"runtime":"nodejs18","buildEnvironmentVariables":{"GOOGLE_NODE_RUN_SCRIPTS":""},"dockerRegistry":"ARTIFACT_REGISTRY"},"versionId":"1","updateTime":"2024-09-08T00:32:35Z"}}
[debug] [2024-09-08T00:32:51.243Z] [create-default-us-central1-sendSMSOnNewCotacao] Retrying task index 0
[debug] [2024-09-08T00:32:51.244Z] >>> [apiv2][query] GET https://cloudfunctions.googleapis.com/v1/operations/Y29ubmVjdGlvcG9zL3VzLWNlbnRyYWwxL3NlbmRTTVNPbk5ld0NvdGFjYW8vUTNYNkhZLV9FSVU [none]
[debug] [2024-09-08T00:32:52.001Z] <<< [apiv2][status] GET https://cloudfunctions.googleapis.com/v1/operations/Y29ubmVjdGlvcG9zL3VzLWNlbnRyYWwxL3NlbmRTTVNPbk5ld0NvdGFjYW8vUTNYNkhZLV9FSVU 200
[debug] [2024-09-08T00:32:52.002Z] <<< [apiv2][body] GET https://cloudfunctions.googleapis.com/v1/operations/Y29ubmVjdGlvcG9zL3VzLWNlbnRyYWwxL3NlbmRTTVNPbk5ld0NvdGFjYW8vUTNYNkhZLV9FSVU {"name":"operations/Y29ubmVjdGlvcG9zL3VzLWNlbnRyYWwxL3NlbmRTTVNPbk5ld0NvdGFjYW8vUTNYNkhZLV9FSVU","metadata":{"@type":"type.googleapis.com/google.cloud.functions.v1.OperationMetadataV1","target":"projects/connectiopos/locations/us-central1/functions/sendSMSOnNewCotacao","type":"CREATE_FUNCTION","request":{"@type":"type.googleapis.com/google.cloud.functions.v1.CloudFunction","name":"projects/connectiopos/locations/us-central1/functions/sendSMSOnNewCotacao","eventTrigger":{"eventType":"providers/google.firebase.database/eventTypes/ref.create","resource":"projects/_/instances/connectiopos-default-rtdb/refs/cotacoes/{cotacaoId}"},"entryPoint":"sendSMSOnNewCotacao","labels":{"deployment-tool":"cli-firebase","firebase-functions-hash":"551efe091d1a94e7735e0e19100df48dc005dc02"},"sourceUploadUrl":"https://storage.googleapis.com/uploads-911273786253.us-central1.cloudfunctions.appspot.com/a1d718a3-2e1a-43e0-97d9-5fb65a948f08.zip?GoogleAccessId=service-1083339114910@gcf-admin-robot.iam.gserviceaccount.com&Expires=1725757350&Signature=jSq2FQxyv2q4RxLDr2if2Zp%2F9Tai7GAtRop9ZBKexCe6q9Uf%2FdxgY9zclHjF9W0EzqVsSNf1jWMRdarAhTelPA%2FsoeOUv8SMADupqNoN9JMEFj1Y7cef4HOB6BXEelO3Hz4qpMIXqskZC9%2B5t5YHLum8MrqSIdUcRrzponvvQRRPh4g4NSJyR0l%2F6om4CyAhN48z%2FhOEFhnzjUolIGghtasinjrFX24nWMqf9kExYkfCWbskpq760eNqBghkY1fE3sz%2B0R4LaTwByj2Gg2%2FubGHjZaNtlmuxoHuz2tbb%2Fn37d6jkDq51YrL41V%2BgM2WKFQ1TSs1fh0Ex9rq3Lq9RIw%3D%3D","environmentVariables":{"FIREBASE_CONFIG":"{\"projectId\":\"connectiopos\",\"databaseURL\":\"https://connectiopos-default-rtdb.firebaseio.com\",\"storageBucket\":\"connectiopos.appspot.com\",\"locationId\":\"us-central\"}","GCLOUD_PROJECT":"connectiopos","EVENTARC_CLOUD_EVENT_SOURCE":"projects/connectiopos/locations/us-central1/functions/sendSMSOnNewCotacao"},"runtime":"nodejs18","buildEnvironmentVariables":{"GOOGLE_NODE_RUN_SCRIPTS":""},"dockerRegistry":"ARTIFACT_REGISTRY"},"versionId":"1","updateTime":"2024-09-08T00:32:35Z","buildId":"9e6f1bdc-f261-4ed7-90ae-9fc2a95a2fd6","buildName":"projects/1083339114910/locations/us-central1/builds/9e6f1bdc-f261-4ed7-90ae-9fc2a95a2fd6"}}
[debug] [2024-09-08T00:33:02.061Z] [create-default-us-central1-sendSMSOnNewCotacao] Retrying task index 0
[debug] [2024-09-08T00:33:02.209Z] >>> [apiv2][query] GET https://cloudfunctions.googleapis.com/v1/operations/Y29ubmVjdGlvcG9zL3VzLWNlbnRyYWwxL3NlbmRTTVNPbk5ld0NvdGFjYW8vUTNYNkhZLV9FSVU [none]
[debug] [2024-09-08T00:33:03.048Z] <<< [apiv2][status] GET https://cloudfunctions.googleapis.com/v1/operations/Y29ubmVjdGlvcG9zL3VzLWNlbnRyYWwxL3NlbmRTTVNPbk5ld0NvdGFjYW8vUTNYNkhZLV9FSVU 200
[debug] [2024-09-08T00:33:03.048Z] <<< [apiv2][body] GET https://cloudfunctions.googleapis.com/v1/operations/Y29ubmVjdGlvcG9zL3VzLWNlbnRyYWwxL3NlbmRTTVNPbk5ld0NvdGFjYW8vUTNYNkhZLV9FSVU {"name":"operations/Y29ubmVjdGlvcG9zL3VzLWNlbnRyYWwxL3NlbmRTTVNPbk5ld0NvdGFjYW8vUTNYNkhZLV9FSVU","metadata":{"@type":"type.googleapis.com/google.cloud.functions.v1.OperationMetadataV1","target":"projects/connectiopos/locations/us-central1/functions/sendSMSOnNewCotacao","type":"CREATE_FUNCTION","request":{"@type":"type.googleapis.com/google.cloud.functions.v1.CloudFunction","name":"projects/connectiopos/locations/us-central1/functions/sendSMSOnNewCotacao","eventTrigger":{"eventType":"providers/google.firebase.database/eventTypes/ref.create","resource":"projects/_/instances/connectiopos-default-rtdb/refs/cotacoes/{cotacaoId}"},"entryPoint":"sendSMSOnNewCotacao","labels":{"deployment-tool":"cli-firebase","firebase-functions-hash":"551efe091d1a94e7735e0e19100df48dc005dc02"},"sourceUploadUrl":"https://storage.googleapis.com/uploads-911273786253.us-central1.cloudfunctions.appspot.com/a1d718a3-2e1a-43e0-97d9-5fb65a948f08.zip?GoogleAccessId=service-1083339114910@gcf-admin-robot.iam.gserviceaccount.com&Expires=1725757350&Signature=jSq2FQxyv2q4RxLDr2if2Zp%2F9Tai7GAtRop9ZBKexCe6q9Uf%2FdxgY9zclHjF9W0EzqVsSNf1jWMRdarAhTelPA%2FsoeOUv8SMADupqNoN9JMEFj1Y7cef4HOB6BXEelO3Hz4qpMIXqskZC9%2B5t5YHLum8MrqSIdUcRrzponvvQRRPh4g4NSJyR0l%2F6om4CyAhN48z%2FhOEFhnzjUolIGghtasinjrFX24nWMqf9kExYkfCWbskpq760eNqBghkY1fE3sz%2B0R4LaTwByj2Gg2%2FubGHjZaNtlmuxoHuz2tbb%2Fn37d6jkDq51YrL41V%2BgM2WKFQ1TSs1fh0Ex9rq3Lq9RIw%3D%3D","environmentVariables":{"FIREBASE_CONFIG":"{\"projectId\":\"connectiopos\",\"databaseURL\":\"https://connectiopos-default-rtdb.firebaseio.com\",\"storageBucket\":\"connectiopos.appspot.com\",\"locationId\":\"us-central\"}","GCLOUD_PROJECT":"connectiopos","EVENTARC_CLOUD_EVENT_SOURCE":"projects/connectiopos/locations/us-central1/functions/sendSMSOnNewCotacao"},"runtime":"nodejs18","buildEnvironmentVariables":{"GOOGLE_NODE_RUN_SCRIPTS":""},"dockerRegistry":"ARTIFACT_REGISTRY"},"versionId":"1","updateTime":"2024-09-08T00:32:35Z","buildId":"9e6f1bdc-f261-4ed7-90ae-9fc2a95a2fd6","buildName":"projects/1083339114910/locations/us-central1/builds/9e6f1bdc-f261-4ed7-90ae-9fc2a95a2fd6"}}
[debug] [2024-09-08T00:33:13.062Z] [create-default-us-central1-sendSMSOnNewCotacao] Retrying task index 0
[debug] [2024-09-08T00:33:13.064Z] >>> [apiv2][query] GET https://cloudfunctions.googleapis.com/v1/operations/Y29ubmVjdGlvcG9zL3VzLWNlbnRyYWwxL3NlbmRTTVNPbk5ld0NvdGFjYW8vUTNYNkhZLV9FSVU [none]
[debug] [2024-09-08T00:33:13.795Z] <<< [apiv2][status] GET https://cloudfunctions.googleapis.com/v1/operations/Y29ubmVjdGlvcG9zL3VzLWNlbnRyYWwxL3NlbmRTTVNPbk5ld0NvdGFjYW8vUTNYNkhZLV9FSVU 200
[debug] [2024-09-08T00:33:13.796Z] <<< [apiv2][body] GET https://cloudfunctions.googleapis.com/v1/operations/Y29ubmVjdGlvcG9zL3VzLWNlbnRyYWwxL3NlbmRTTVNPbk5ld0NvdGFjYW8vUTNYNkhZLV9FSVU {"name":"operations/Y29ubmVjdGlvcG9zL3VzLWNlbnRyYWwxL3NlbmRTTVNPbk5ld0NvdGFjYW8vUTNYNkhZLV9FSVU","metadata":{"@type":"type.googleapis.com/google.cloud.functions.v1.OperationMetadataV1","target":"projects/connectiopos/locations/us-central1/functions/sendSMSOnNewCotacao","type":"CREATE_FUNCTION","request":{"@type":"type.googleapis.com/google.cloud.functions.v1.CloudFunction","name":"projects/connectiopos/locations/us-central1/functions/sendSMSOnNewCotacao","eventTrigger":{"eventType":"providers/google.firebase.database/eventTypes/ref.create","resource":"projects/_/instances/connectiopos-default-rtdb/refs/cotacoes/{cotacaoId}"},"entryPoint":"sendSMSOnNewCotacao","labels":{"deployment-tool":"cli-firebase","firebase-functions-hash":"551efe091d1a94e7735e0e19100df48dc005dc02"},"sourceUploadUrl":"https://storage.googleapis.com/uploads-911273786253.us-central1.cloudfunctions.appspot.com/a1d718a3-2e1a-43e0-97d9-5fb65a948f08.zip?GoogleAccessId=service-1083339114910@gcf-admin-robot.iam.gserviceaccount.com&Expires=1725757350&Signature=jSq2FQxyv2q4RxLDr2if2Zp%2F9Tai7GAtRop9ZBKexCe6q9Uf%2FdxgY9zclHjF9W0EzqVsSNf1jWMRdarAhTelPA%2FsoeOUv8SMADupqNoN9JMEFj1Y7cef4HOB6BXEelO3Hz4qpMIXqskZC9%2B5t5YHLum8MrqSIdUcRrzponvvQRRPh4g4NSJyR0l%2F6om4CyAhN48z%2FhOEFhnzjUolIGghtasinjrFX24nWMqf9kExYkfCWbskpq760eNqBghkY1fE3sz%2B0R4LaTwByj2Gg2%2FubGHjZaNtlmuxoHuz2tbb%2Fn37d6jkDq51YrL41V%2BgM2WKFQ1TSs1fh0Ex9rq3Lq9RIw%3D%3D","environmentVariables":{"FIREBASE_CONFIG":"{\"projectId\":\"connectiopos\",\"databaseURL\":\"https://connectiopos-default-rtdb.firebaseio.com\",\"storageBucket\":\"connectiopos.appspot.com\",\"locationId\":\"us-central\"}","GCLOUD_PROJECT":"connectiopos","EVENTARC_CLOUD_EVENT_SOURCE":"projects/connectiopos/locations/us-central1/functions/sendSMSOnNewCotacao"},"runtime":"nodejs18","buildEnvironmentVariables":{"GOOGLE_NODE_RUN_SCRIPTS":""},"dockerRegistry":"ARTIFACT_REGISTRY"},"versionId":"1","updateTime":"2024-09-08T00:32:35Z","buildId":"9e6f1bdc-f261-4ed7-90ae-9fc2a95a2fd6","buildName":"projects/1083339114910/locations/us-central1/builds/9e6f1bdc-f261-4ed7-90ae-9fc2a95a2fd6"}}
[debug] [2024-09-08T00:33:23.807Z] [create-default-us-central1-sendSMSOnNewCotacao] Retrying task index 0
[debug] [2024-09-08T00:33:23.808Z] >>> [apiv2][query] GET https://cloudfunctions.googleapis.com/v1/operations/Y29ubmVjdGlvcG9zL3VzLWNlbnRyYWwxL3NlbmRTTVNPbk5ld0NvdGFjYW8vUTNYNkhZLV9FSVU [none]
[debug] [2024-09-08T00:33:24.518Z] <<< [apiv2][status] GET https://cloudfunctions.googleapis.com/v1/operations/Y29ubmVjdGlvcG9zL3VzLWNlbnRyYWwxL3NlbmRTTVNPbk5ld0NvdGFjYW8vUTNYNkhZLV9FSVU 200
[debug] [2024-09-08T00:33:24.519Z] <<< [apiv2][body] GET https://cloudfunctions.googleapis.com/v1/operations/Y29ubmVjdGlvcG9zL3VzLWNlbnRyYWwxL3NlbmRTTVNPbk5ld0NvdGFjYW8vUTNYNkhZLV9FSVU {"name":"operations/Y29ubmVjdGlvcG9zL3VzLWNlbnRyYWwxL3NlbmRTTVNPbk5ld0NvdGFjYW8vUTNYNkhZLV9FSVU","metadata":{"@type":"type.googleapis.com/google.cloud.functions.v1.OperationMetadataV1","target":"projects/connectiopos/locations/us-central1/functions/sendSMSOnNewCotacao","type":"CREATE_FUNCTION","request":{"@type":"type.googleapis.com/google.cloud.functions.v1.CloudFunction","name":"projects/connectiopos/locations/us-central1/functions/sendSMSOnNewCotacao","eventTrigger":{"eventType":"providers/google.firebase.database/eventTypes/ref.create","resource":"projects/_/instances/connectiopos-default-rtdb/refs/cotacoes/{cotacaoId}"},"entryPoint":"sendSMSOnNewCotacao","labels":{"deployment-tool":"cli-firebase","firebase-functions-hash":"551efe091d1a94e7735e0e19100df48dc005dc02"},"sourceUploadUrl":"https://storage.googleapis.com/uploads-911273786253.us-central1.cloudfunctions.appspot.com/a1d718a3-2e1a-43e0-97d9-5fb65a948f08.zip?GoogleAccessId=service-1083339114910@gcf-admin-robot.iam.gserviceaccount.com&Expires=1725757350&Signature=jSq2FQxyv2q4RxLDr2if2Zp%2F9Tai7GAtRop9ZBKexCe6q9Uf%2FdxgY9zclHjF9W0EzqVsSNf1jWMRdarAhTelPA%2FsoeOUv8SMADupqNoN9JMEFj1Y7cef4HOB6BXEelO3Hz4qpMIXqskZC9%2B5t5YHLum8MrqSIdUcRrzponvvQRRPh4g4NSJyR0l%2F6om4CyAhN48z%2FhOEFhnzjUolIGghtasinjrFX24nWMqf9kExYkfCWbskpq760eNqBghkY1fE3sz%2B0R4LaTwByj2Gg2%2FubGHjZaNtlmuxoHuz2tbb%2Fn37d6jkDq51YrL41V%2BgM2WKFQ1TSs1fh0Ex9rq3Lq9RIw%3D%3D","environmentVariables":{"FIREBASE_CONFIG":"{\"projectId\":\"connectiopos\",\"databaseURL\":\"https://connectiopos-default-rtdb.firebaseio.com\",\"storageBucket\":\"connectiopos.appspot.com\",\"locationId\":\"us-central\"}","GCLOUD_PROJECT":"connectiopos","EVENTARC_CLOUD_EVENT_SOURCE":"projects/connectiopos/locations/us-central1/functions/sendSMSOnNewCotacao"},"runtime":"nodejs18","buildEnvironmentVariables":{"GOOGLE_NODE_RUN_SCRIPTS":""},"dockerRegistry":"ARTIFACT_REGISTRY"},"versionId":"1","updateTime":"2024-09-08T00:32:35Z","buildId":"9e6f1bdc-f261-4ed7-90ae-9fc2a95a2fd6","buildName":"projects/1083339114910/locations/us-central1/builds/9e6f1bdc-f261-4ed7-90ae-9fc2a95a2fd6"}}
[debug] [2024-09-08T00:33:34.540Z] [create-default-us-central1-sendSMSOnNewCotacao] Retrying task index 0
[debug] [2024-09-08T00:33:34.541Z] >>> [apiv2][query] GET https://cloudfunctions.googleapis.com/v1/operations/Y29ubmVjdGlvcG9zL3VzLWNlbnRyYWwxL3NlbmRTTVNPbk5ld0NvdGFjYW8vUTNYNkhZLV9FSVU [none]
[debug] [2024-09-08T00:33:35.256Z] <<< [apiv2][status] GET https://cloudfunctions.googleapis.com/v1/operations/Y29ubmVjdGlvcG9zL3VzLWNlbnRyYWwxL3NlbmRTTVNPbk5ld0NvdGFjYW8vUTNYNkhZLV9FSVU 200
[debug] [2024-09-08T00:33:35.257Z] <<< [apiv2][body] GET https://cloudfunctions.googleapis.com/v1/operations/Y29ubmVjdGlvcG9zL3VzLWNlbnRyYWwxL3NlbmRTTVNPbk5ld0NvdGFjYW8vUTNYNkhZLV9FSVU {"name":"operations/Y29ubmVjdGlvcG9zL3VzLWNlbnRyYWwxL3NlbmRTTVNPbk5ld0NvdGFjYW8vUTNYNkhZLV9FSVU","metadata":{"@type":"type.googleapis.com/google.cloud.functions.v1.OperationMetadataV1","target":"projects/connectiopos/locations/us-central1/functions/sendSMSOnNewCotacao","type":"CREATE_FUNCTION","request":{"@type":"type.googleapis.com/google.cloud.functions.v1.CloudFunction","name":"projects/connectiopos/locations/us-central1/functions/sendSMSOnNewCotacao","eventTrigger":{"eventType":"providers/google.firebase.database/eventTypes/ref.create","resource":"projects/_/instances/connectiopos-default-rtdb/refs/cotacoes/{cotacaoId}"},"entryPoint":"sendSMSOnNewCotacao","labels":{"deployment-tool":"cli-firebase","firebase-functions-hash":"551efe091d1a94e7735e0e19100df48dc005dc02"},"sourceUploadUrl":"https://storage.googleapis.com/uploads-911273786253.us-central1.cloudfunctions.appspot.com/a1d718a3-2e1a-43e0-97d9-5fb65a948f08.zip?GoogleAccessId=service-1083339114910@gcf-admin-robot.iam.gserviceaccount.com&Expires=1725757350&Signature=jSq2FQxyv2q4RxLDr2if2Zp%2F9Tai7GAtRop9ZBKexCe6q9Uf%2FdxgY9zclHjF9W0EzqVsSNf1jWMRdarAhTelPA%2FsoeOUv8SMADupqNoN9JMEFj1Y7cef4HOB6BXEelO3Hz4qpMIXqskZC9%2B5t5YHLum8MrqSIdUcRrzponvvQRRPh4g4NSJyR0l%2F6om4CyAhN48z%2FhOEFhnzjUolIGghtasinjrFX24nWMqf9kExYkfCWbskpq760eNqBghkY1fE3sz%2B0R4LaTwByj2Gg2%2FubGHjZaNtlmuxoHuz2tbb%2Fn37d6jkDq51YrL41V%2BgM2WKFQ1TSs1fh0Ex9rq3Lq9RIw%3D%3D","environmentVariables":{"FIREBASE_CONFIG":"{\"projectId\":\"connectiopos\",\"databaseURL\":\"https://connectiopos-default-rtdb.firebaseio.com\",\"storageBucket\":\"connectiopos.appspot.com\",\"locationId\":\"us-central\"}","GCLOUD_PROJECT":"connectiopos","EVENTARC_CLOUD_EVENT_SOURCE":"projects/connectiopos/locations/us-central1/functions/sendSMSOnNewCotacao"},"runtime":"nodejs18","buildEnvironmentVariables":{"GOOGLE_NODE_RUN_SCRIPTS":""},"dockerRegistry":"ARTIFACT_REGISTRY"},"versionId":"1","updateTime":"2024-09-08T00:32:35Z","buildId":"9e6f1bdc-f261-4ed7-90ae-9fc2a95a2fd6","buildName":"projects/1083339114910/locations/us-central1/builds/9e6f1bdc-f261-4ed7-90ae-9fc2a95a2fd6"}}
[debug] [2024-09-08T00:33:45.280Z] [create-default-us-central1-sendSMSOnNewCotacao] Retrying task index 0
[debug] [2024-09-08T00:33:45.281Z] >>> [apiv2][query] GET https://cloudfunctions.googleapis.com/v1/operations/Y29ubmVjdGlvcG9zL3VzLWNlbnRyYWwxL3NlbmRTTVNPbk5ld0NvdGFjYW8vUTNYNkhZLV9FSVU [none]
[debug] [2024-09-08T00:33:46.019Z] <<< [apiv2][status] GET https://cloudfunctions.googleapis.com/v1/operations/Y29ubmVjdGlvcG9zL3VzLWNlbnRyYWwxL3NlbmRTTVNPbk5ld0NvdGFjYW8vUTNYNkhZLV9FSVU 200
[debug] [2024-09-08T00:33:46.019Z] <<< [apiv2][body] GET https://cloudfunctions.googleapis.com/v1/operations/Y29ubmVjdGlvcG9zL3VzLWNlbnRyYWwxL3NlbmRTTVNPbk5ld0NvdGFjYW8vUTNYNkhZLV9FSVU {"name":"operations/Y29ubmVjdGlvcG9zL3VzLWNlbnRyYWwxL3NlbmRTTVNPbk5ld0NvdGFjYW8vUTNYNkhZLV9FSVU","metadata":{"@type":"type.googleapis.com/google.cloud.functions.v1.OperationMetadataV1","target":"projects/connectiopos/locations/us-central1/functions/sendSMSOnNewCotacao","type":"CREATE_FUNCTION","request":{"@type":"type.googleapis.com/google.cloud.functions.v1.CloudFunction","name":"projects/connectiopos/locations/us-central1/functions/sendSMSOnNewCotacao","eventTrigger":{"eventType":"providers/google.firebase.database/eventTypes/ref.create","resource":"projects/_/instances/connectiopos-default-rtdb/refs/cotacoes/{cotacaoId}"},"entryPoint":"sendSMSOnNewCotacao","labels":{"deployment-tool":"cli-firebase","firebase-functions-hash":"551efe091d1a94e7735e0e19100df48dc005dc02"},"sourceUploadUrl":"https://storage.googleapis.com/uploads-911273786253.us-central1.cloudfunctions.appspot.com/a1d718a3-2e1a-43e0-97d9-5fb65a948f08.zip?GoogleAccessId=service-1083339114910@gcf-admin-robot.iam.gserviceaccount.com&Expires=1725757350&Signature=jSq2FQxyv2q4RxLDr2if2Zp%2F9Tai7GAtRop9ZBKexCe6q9Uf%2FdxgY9zclHjF9W0EzqVsSNf1jWMRdarAhTelPA%2FsoeOUv8SMADupqNoN9JMEFj1Y7cef4HOB6BXEelO3Hz4qpMIXqskZC9%2B5t5YHLum8MrqSIdUcRrzponvvQRRPh4g4NSJyR0l%2F6om4CyAhN48z%2FhOEFhnzjUolIGghtasinjrFX24nWMqf9kExYkfCWbskpq760eNqBghkY1fE3sz%2B0R4LaTwByj2Gg2%2FubGHjZaNtlmuxoHuz2tbb%2Fn37d6jkDq51YrL41V%2BgM2WKFQ1TSs1fh0Ex9rq3Lq9RIw%3D%3D","environmentVariables":{"FIREBASE_CONFIG":"{\"projectId\":\"connectiopos\",\"databaseURL\":\"https://connectiopos-default-rtdb.firebaseio.com\",\"storageBucket\":\"connectiopos.appspot.com\",\"locationId\":\"us-central\"}","GCLOUD_PROJECT":"connectiopos","EVENTARC_CLOUD_EVENT_SOURCE":"projects/connectiopos/locations/us-central1/functions/sendSMSOnNewCotacao"},"runtime":"nodejs18","buildEnvironmentVariables":{"GOOGLE_NODE_RUN_SCRIPTS":""},"dockerRegistry":"ARTIFACT_REGISTRY"},"versionId":"1","updateTime":"2024-09-08T00:32:35Z","buildId":"9e6f1bdc-f261-4ed7-90ae-9fc2a95a2fd6","sourceToken":"e71b1940-0911-4a3c-9cc5-0b6febe08a3c","buildName":"projects/1083339114910/locations/us-central1/builds/9e6f1bdc-f261-4ed7-90ae-9fc2a95a2fd6"}}
[debug] [2024-09-08T00:33:46.019Z] Got source token e71b1940-0911-4a3c-9cc5-0b6febe08a3c for region us-central1
[debug] [2024-09-08T00:33:56.029Z] [create-default-us-central1-sendSMSOnNewCotacao] Retrying task index 0
[debug] [2024-09-08T00:33:56.032Z] >>> [apiv2][query] GET https://cloudfunctions.googleapis.com/v1/operations/Y29ubmVjdGlvcG9zL3VzLWNlbnRyYWwxL3NlbmRTTVNPbk5ld0NvdGFjYW8vUTNYNkhZLV9FSVU [none]
[debug] [2024-09-08T00:33:56.777Z] <<< [apiv2][status] GET https://cloudfunctions.googleapis.com/v1/operations/Y29ubmVjdGlvcG9zL3VzLWNlbnRyYWwxL3NlbmRTTVNPbk5ld0NvdGFjYW8vUTNYNkhZLV9FSVU 200
[debug] [2024-09-08T00:33:56.778Z] <<< [apiv2][body] GET https://cloudfunctions.googleapis.com/v1/operations/Y29ubmVjdGlvcG9zL3VzLWNlbnRyYWwxL3NlbmRTTVNPbk5ld0NvdGFjYW8vUTNYNkhZLV9FSVU {"name":"operations/Y29ubmVjdGlvcG9zL3VzLWNlbnRyYWwxL3NlbmRTTVNPbk5ld0NvdGFjYW8vUTNYNkhZLV9FSVU","metadata":{"@type":"type.googleapis.com/google.cloud.functions.v1.OperationMetadataV1","target":"projects/connectiopos/locations/us-central1/functions/sendSMSOnNewCotacao","type":"CREATE_FUNCTION","request":{"@type":"type.googleapis.com/google.cloud.functions.v1.CloudFunction","name":"projects/connectiopos/locations/us-central1/functions/sendSMSOnNewCotacao","eventTrigger":{"eventType":"providers/google.firebase.database/eventTypes/ref.create","resource":"projects/_/instances/connectiopos-default-rtdb/refs/cotacoes/{cotacaoId}"},"entryPoint":"sendSMSOnNewCotacao","labels":{"deployment-tool":"cli-firebase","firebase-functions-hash":"551efe091d1a94e7735e0e19100df48dc005dc02"},"sourceUploadUrl":"https://storage.googleapis.com/uploads-911273786253.us-central1.cloudfunctions.appspot.com/a1d718a3-2e1a-43e0-97d9-5fb65a948f08.zip?GoogleAccessId=service-1083339114910@gcf-admin-robot.iam.gserviceaccount.com&Expires=1725757350&Signature=jSq2FQxyv2q4RxLDr2if2Zp%2F9Tai7GAtRop9ZBKexCe6q9Uf%2FdxgY9zclHjF9W0EzqVsSNf1jWMRdarAhTelPA%2FsoeOUv8SMADupqNoN9JMEFj1Y7cef4HOB6BXEelO3Hz4qpMIXqskZC9%2B5t5YHLum8MrqSIdUcRrzponvvQRRPh4g4NSJyR0l%2F6om4CyAhN48z%2FhOEFhnzjUolIGghtasinjrFX24nWMqf9kExYkfCWbskpq760eNqBghkY1fE3sz%2B0R4LaTwByj2Gg2%2FubGHjZaNtlmuxoHuz2tbb%2Fn37d6jkDq51YrL41V%2BgM2WKFQ1TSs1fh0Ex9rq3Lq9RIw%3D%3D","environmentVariables":{"FIREBASE_CONFIG":"{\"projectId\":\"connectiopos\",\"databaseURL\":\"https://connectiopos-default-rtdb.firebaseio.com\",\"storageBucket\":\"connectiopos.appspot.com\",\"locationId\":\"us-central\"}","GCLOUD_PROJECT":"connectiopos","EVENTARC_CLOUD_EVENT_SOURCE":"projects/connectiopos/locations/us-central1/functions/sendSMSOnNewCotacao"},"runtime":"nodejs18","buildEnvironmentVariables":{"GOOGLE_NODE_RUN_SCRIPTS":""},"dockerRegistry":"ARTIFACT_REGISTRY"},"versionId":"1","updateTime":"2024-09-08T00:32:35Z","buildId":"9e6f1bdc-f261-4ed7-90ae-9fc2a95a2fd6","sourceToken":"e71b1940-0911-4a3c-9cc5-0b6febe08a3c","buildName":"projects/1083339114910/locations/us-central1/builds/9e6f1bdc-f261-4ed7-90ae-9fc2a95a2fd6"}}
[debug] [2024-09-08T00:33:56.778Z] Got source token e71b1940-0911-4a3c-9cc5-0b6febe08a3c for region us-central1
[debug] [2024-09-08T00:34:06.781Z] [create-default-us-central1-sendSMSOnNewCotacao] Retrying task index 0
[debug] [2024-09-08T00:34:06.783Z] >>> [apiv2][query] GET https://cloudfunctions.googleapis.com/v1/operations/Y29ubmVjdGlvcG9zL3VzLWNlbnRyYWwxL3NlbmRTTVNPbk5ld0NvdGFjYW8vUTNYNkhZLV9FSVU [none]
[debug] [2024-09-08T00:34:07.535Z] <<< [apiv2][status] GET https://cloudfunctions.googleapis.com/v1/operations/Y29ubmVjdGlvcG9zL3VzLWNlbnRyYWwxL3NlbmRTTVNPbk5ld0NvdGFjYW8vUTNYNkhZLV9FSVU 200
[debug] [2024-09-08T00:34:07.535Z] <<< [apiv2][body] GET https://cloudfunctions.googleapis.com/v1/operations/Y29ubmVjdGlvcG9zL3VzLWNlbnRyYWwxL3NlbmRTTVNPbk5ld0NvdGFjYW8vUTNYNkhZLV9FSVU {"name":"operations/Y29ubmVjdGlvcG9zL3VzLWNlbnRyYWwxL3NlbmRTTVNPbk5ld0NvdGFjYW8vUTNYNkhZLV9FSVU","metadata":{"@type":"type.googleapis.com/google.cloud.functions.v1.OperationMetadataV1","target":"projects/connectiopos/locations/us-central1/functions/sendSMSOnNewCotacao","type":"CREATE_FUNCTION","request":{"@type":"type.googleapis.com/google.cloud.functions.v1.CloudFunction","name":"projects/connectiopos/locations/us-central1/functions/sendSMSOnNewCotacao","eventTrigger":{"eventType":"providers/google.firebase.database/eventTypes/ref.create","resource":"projects/_/instances/connectiopos-default-rtdb/refs/cotacoes/{cotacaoId}"},"entryPoint":"sendSMSOnNewCotacao","labels":{"deployment-tool":"cli-firebase","firebase-functions-hash":"551efe091d1a94e7735e0e19100df48dc005dc02"},"sourceUploadUrl":"https://storage.googleapis.com/uploads-911273786253.us-central1.cloudfunctions.appspot.com/a1d718a3-2e1a-43e0-97d9-5fb65a948f08.zip?GoogleAccessId=service-1083339114910@gcf-admin-robot.iam.gserviceaccount.com&Expires=1725757350&Signature=jSq2FQxyv2q4RxLDr2if2Zp%2F9Tai7GAtRop9ZBKexCe6q9Uf%2FdxgY9zclHjF9W0EzqVsSNf1jWMRdarAhTelPA%2FsoeOUv8SMADupqNoN9JMEFj1Y7cef4HOB6BXEelO3Hz4qpMIXqskZC9%2B5t5YHLum8MrqSIdUcRrzponvvQRRPh4g4NSJyR0l%2F6om4CyAhN48z%2FhOEFhnzjUolIGghtasinjrFX24nWMqf9kExYkfCWbskpq760eNqBghkY1fE3sz%2B0R4LaTwByj2Gg2%2FubGHjZaNtlmuxoHuz2tbb%2Fn37d6jkDq51YrL41V%2BgM2WKFQ1TSs1fh0Ex9rq3Lq9RIw%3D%3D","environmentVariables":{"FIREBASE_CONFIG":"{\"projectId\":\"connectiopos\",\"databaseURL\":\"https://connectiopos-default-rtdb.firebaseio.com\",\"storageBucket\":\"connectiopos.appspot.com\",\"locationId\":\"us-central\"}","GCLOUD_PROJECT":"connectiopos","EVENTARC_CLOUD_EVENT_SOURCE":"projects/connectiopos/locations/us-central1/functions/sendSMSOnNewCotacao"},"runtime":"nodejs18","buildEnvironmentVariables":{"GOOGLE_NODE_RUN_SCRIPTS":""},"dockerRegistry":"ARTIFACT_REGISTRY"},"versionId":"1","updateTime":"2024-09-08T00:33:59Z","buildId":"9e6f1bdc-f261-4ed7-90ae-9fc2a95a2fd6","sourceToken":"e71b1940-0911-4a3c-9cc5-0b6febe08a3c","buildName":"projects/1083339114910/locations/us-central1/builds/9e6f1bdc-f261-4ed7-90ae-9fc2a95a2fd6"},"done":true,"error":{"code":3,"message":"Function failed on loading user code. This is likely due to a bug in the user code. Error message: Provided module can't be loaded.\nDid you list all required modules in the package.json dependencies?\nDetailed stack trace: Error: Cannot find module 'twilio'\nRequire stack:\n- /workspace/index.js\n- /layers/google.nodejs.functions-framework/functions-framework/node_modules/@google-cloud/functions-framework/build/src/loader.js\n- /layers/google.nodejs.functions-framework/functions-framework/node_modules/@google-cloud/functions-framework/build/src/main.js\n    at Module._resolveFilename (node:internal/modules/cjs/loader:1140:15)\n    at Module._load (node:internal/modules/cjs/loader:981:27)\n    at Module.require (node:internal/modules/cjs/loader:1231:19)\n    at require (node:internal/modules/helpers:177:18)\n    at Object.<anonymous> (/workspace/index.js:3:16)\n    at Module._compile (node:internal/modules/cjs/loader:1364:14)\n    at Module._extensions..js (node:internal/modules/cjs/loader:1422:10)\n    at Module.load (node:internal/modules/cjs/loader:1203:32)\n    at Module._load (node:internal/modules/cjs/loader:1019:12)\n    at Module.require (node:internal/modules/cjs/loader:1231:19)\nCould not load the function, shutting down.. Please visit https://cloud.google.com/functions/docs/troubleshooting for in-depth troubleshooting documentation."}}
[debug] [2024-09-08T00:34:07.536Z] Got source token e71b1940-0911-4a3c-9cc5-0b6febe08a3c for region us-central1
[error] Function failed on loading user code. This is likely due to a bug in the user code. Error message: Provided module can't be loaded.
Did you list all required modules in the package.json dependencies?
Detailed stack trace: Error: Cannot find module 'twilio'
Require stack:
- /workspace/index.js
- /layers/google.nodejs.functions-framework/functions-framework/node_modules/@google-cloud/functions-framework/build/src/loader.js
- /layers/google.nodejs.functions-framework/functions-framework/node_modules/@google-cloud/functions-framework/build/src/main.js
    at Module._resolveFilename (node:internal/modules/cjs/loader:1140:15)
    at Module._load (node:internal/modules/cjs/loader:981:27)
    at Module.require (node:internal/modules/cjs/loader:1231:19)
    at require (node:internal/modules/helpers:177:18)
    at Object.<anonymous> (/workspace/index.js:3:16)
    at Module._compile (node:internal/modules/cjs/loader:1364:14)
    at Module._extensions..js (node:internal/modules/cjs/loader:1422:10)
    at Module.load (node:internal/modules/cjs/loader:1203:32)
    at Module._load (node:internal/modules/cjs/loader:1019:12)
    at Module.require (node:internal/modules/cjs/loader:1231:19)
Could not load the function, shutting down.. Please visit https://cloud.google.com/functions/docs/troubleshooting for in-depth troubleshooting documentation.
[debug] [2024-09-08T00:34:07.683Z] Total Function Deployment time: 96193
[debug] [2024-09-08T00:34:07.684Z] 1 Functions Deployed
[debug] [2024-09-08T00:34:07.684Z] 1 Functions Errored
[debug] [2024-09-08T00:34:07.684Z] 0 Function Deployments Aborted
[debug] [2024-09-08T00:34:07.684Z] Average Function Deployment time: 96184
[info] 
[info] Functions deploy had errors with the following functions:
	sendSMSOnNewCotacao(us-central1)
[info] i  functions: cleaning up build files... 
[debug] [2024-09-08T00:34:08.343Z] >>> [apiv2][query] DELETE https://artifactregistry.googleapis.com/v1beta2/projects/connectiopos/locations/us-central1/repositories/gcf-artifacts/packages/send_s_m_s_on_new_cotacao [none]
[debug] [2024-09-08T00:34:08.360Z] >>> [apiv2][query] GET https://us.gcr.io/v2/connectiopos/gcf/us-central1/tags/list [none]
[debug] [2024-09-08T00:34:09.961Z] <<< [apiv2][status] DELETE https://artifactregistry.googleapis.com/v1beta2/projects/connectiopos/locations/us-central1/repositories/gcf-artifacts/packages/send_s_m_s_on_new_cotacao 200
[debug] [2024-09-08T00:34:09.962Z] <<< [apiv2][body] DELETE https://artifactregistry.googleapis.com/v1beta2/projects/connectiopos/locations/us-central1/repositories/gcf-artifacts/packages/send_s_m_s_on_new_cotacao {"name":"projects/connectiopos/locations/us-central1/operations/fe65fe8b-6364-426d-8bb8-f702162d67b9","metadata":{"@type":"type.googleapis.com/google.devtools.artifactregistry.v1beta2.OperationMetadata"}}
[debug] [2024-09-08T00:34:09.965Z] >>> [apiv2][query] GET https://artifactregistry.googleapis.com/v1beta2/projects/connectiopos/locations/us-central1/operations/fe65fe8b-6364-426d-8bb8-f702162d67b9 [none]
[debug] [2024-09-08T00:34:10.470Z] <<< [apiv2][status] GET https://us.gcr.io/v2/connectiopos/gcf/us-central1/tags/list 404
[debug] [2024-09-08T00:34:10.470Z] <<< [apiv2][body] GET https://us.gcr.io/v2/connectiopos/gcf/us-central1/tags/list {"errors":[{"code":"NAME_UNKNOWN","message":"Repository \"us.gcr.io\" not found"}]}
[debug] [2024-09-08T00:34:10.479Z] Failed docker command with error  HTTP Error: 404, Not Found {"name":"FirebaseError","children":[],"context":{"body":{"errors":[{"code":"NAME_UNKNOWN","message":"Repository \"us.gcr.io\" not found"}],"error":{"message":"Not Found"}},"response":{"statusCode":404}},"exit":1,"message":"HTTP Error: 404, Not Found","status":404}
[debug] [2024-09-08T00:34:10.486Z] >>> [apiv2][query] GET https://us.gcr.io/v2/connectiopos/gcf/us-central1/tags/list [none]
[debug] [2024-09-08T00:34:10.910Z] <<< [apiv2][status] GET https://artifactregistry.googleapis.com/v1beta2/projects/connectiopos/locations/us-central1/operations/fe65fe8b-6364-426d-8bb8-f702162d67b9 200
[debug] [2024-09-08T00:34:10.911Z] <<< [apiv2][body] GET https://artifactregistry.googleapis.com/v1beta2/projects/connectiopos/locations/us-central1/operations/fe65fe8b-6364-426d-8bb8-f702162d67b9 {"name":"projects/connectiopos/locations/us-central1/operations/fe65fe8b-6364-426d-8bb8-f702162d67b9","metadata":{"@type":"type.googleapis.com/google.devtools.artifactregistry.v1beta2.OperationMetadata"},"done":true,"response":{"@type":"type.googleapis.com/google.protobuf.Empty"}}
[debug] [2024-09-08T00:34:10.939Z] <<< [apiv2][status] GET https://us.gcr.io/v2/connectiopos/gcf/us-central1/tags/list 404
[debug] [2024-09-08T00:34:10.939Z] <<< [apiv2][body] GET https://us.gcr.io/v2/connectiopos/gcf/us-central1/tags/list {"errors":[{"code":"NAME_UNKNOWN","message":"Repository \"us.gcr.io\" not found"}]}
[debug] [2024-09-08T00:34:10.940Z] Failed docker command with error  HTTP Error: 404, Not Found {"name":"FirebaseError","children":[],"context":{"body":{"errors":[{"code":"NAME_UNKNOWN","message":"Repository \"us.gcr.io\" not found"}],"error":{"message":"Not Found"}},"response":{"statusCode":404}},"exit":1,"message":"HTTP Error: 404, Not Found","status":404}
[debug] [2024-09-08T00:34:11.046Z] >>> [apiv2][query] GET https://us.gcr.io/v2/connectiopos/gcf/us-central1/tags/list [none]
[debug] [2024-09-08T00:34:11.540Z] <<< [apiv2][status] GET https://us.gcr.io/v2/connectiopos/gcf/us-central1/tags/list 404
[debug] [2024-09-08T00:34:11.541Z] <<< [apiv2][body] GET https://us.gcr.io/v2/connectiopos/gcf/us-central1/tags/list {"errors":[{"code":"NAME_UNKNOWN","message":"Repository \"us.gcr.io\" not found"}]}
[debug] [2024-09-08T00:34:11.541Z] Failed docker command with error  HTTP Error: 404, Not Found {"name":"FirebaseError","children":[],"context":{"body":{"errors":[{"code":"NAME_UNKNOWN","message":"Repository \"us.gcr.io\" not found"}],"error":{"message":"Not Found"}},"response":{"statusCode":404}},"exit":1,"message":"HTTP Error: 404, Not Found","status":404}
[warn] !  functions: Unhandled error cleaning up build images. This could result in a small monthly bill if not corrected. You can attempt to delete these images by redeploying or you can delete them manually at https://console.cloud.google.com/gcr/images/connectiopos/us/gcf 
[debug] [2024-09-08T00:34:11.544Z] Functions deploy failed.
[debug] [2024-09-08T00:34:11.546Z] {
  "endpoint": {
    "id": "sendSMSOnNewCotacao",
    "project": "connectiopos",
    "region": "us-central1",
    "entryPoint": "sendSMSOnNewCotacao",
    "platform": "gcfv1",
    "runtime": "nodejs18",
    "eventTrigger": {
      "eventType": "providers/google.firebase.database/eventTypes/ref.create",
      "retry": false,
      "eventFilters": {
        "resource": "projects/_/instances/connectiopos-default-rtdb/refs/cotacoes/{cotacaoId}"
      }
    },
    "labels": {
      "deployment-tool": "cli-firebase"
    },
    "ingressSettings": null,
    "availableMemoryMb": null,
    "serviceAccount": null,
    "timeoutSeconds": null,
    "maxInstances": null,
    "minInstances": null,
    "vpc": null,
    "environmentVariables": {
      "FIREBASE_CONFIG": "{\"projectId\":\"connectiopos\",\"databaseURL\":\"https://connectiopos-default-rtdb.firebaseio.com\",\"storageBucket\":\"connectiopos.appspot.com\",\"locationId\":\"us-central\"}",
      "GCLOUD_PROJECT": "connectiopos",
      "EVENTARC_CLOUD_EVENT_SOURCE": "projects/connectiopos/locations/us-central1/functions/sendSMSOnNewCotacao"
    },
    "codebase": "default",
    "targetedByOnly": false,
    "hash": "551efe091d1a94e7735e0e19100df48dc005dc02"
  },
  "op": "create",
  "original": {
    "name": "FirebaseError",
    "children": [],
    "exit": 1,
    "message": "Function failed on loading user code. This is likely due to a bug in the user code. Error message: Provided module can't be loaded.\nDid you list all required modules in the package.json dependencies?\nDetailed stack trace: Error: Cannot find module 'twilio'\nRequire stack:\n- /workspace/index.js\n- /layers/google.nodejs.functions-framework/functions-framework/node_modules/@google-cloud/functions-framework/build/src/loader.js\n- /layers/google.nodejs.functions-framework/functions-framework/node_modules/@google-cloud/functions-framework/build/src/main.js\n    at Module._resolveFilename (node:internal/modules/cjs/loader:1140:15)\n    at Module._load (node:internal/modules/cjs/loader:981:27)\n    at Module.require (node:internal/modules/cjs/loader:1231:19)\n    at require (node:internal/modules/helpers:177:18)\n    at Object.<anonymous> (/workspace/index.js:3:16)\n    at Module._compile (node:internal/modules/cjs/loader:1364:14)\n    at Module._extensions..js (node:internal/modules/cjs/loader:1422:10)\n    at Module.load (node:internal/modules/cjs/loader:1203:32)\n    at Module._load (node:internal/modules/cjs/loader:1019:12)\n    at Module.require (node:internal/modules/cjs/loader:1231:19)\nCould not load the function, shutting down.. Please visit https://cloud.google.com/functions/docs/troubleshooting for in-depth troubleshooting documentation.",
    "original": {
      "code": 3,
      "message": "Function failed on loading user code. This is likely due to a bug in the user code. Error message: Provided module can't be loaded.\nDid you list all required modules in the package.json dependencies?\nDetailed stack trace: Error: Cannot find module 'twilio'\nRequire stack:\n- /workspace/index.js\n- /layers/google.nodejs.functions-framework/functions-framework/node_modules/@google-cloud/functions-framework/build/src/loader.js\n- /layers/google.nodejs.functions-framework/functions-framework/node_modules/@google-cloud/functions-framework/build/src/main.js\n    at Module._resolveFilename (node:internal/modules/cjs/loader:1140:15)\n    at Module._load (node:internal/modules/cjs/loader:981:27)\n    at Module.require (node:internal/modules/cjs/loader:1231:19)\n    at require (node:internal/modules/helpers:177:18)\n    at Object.<anonymous> (/workspace/index.js:3:16)\n    at Module._compile (node:internal/modules/cjs/loader:1364:14)\n    at Module._extensions..js (node:internal/modules/cjs/loader:1422:10)\n    at Module.load (node:internal/modules/cjs/loader:1203:32)\n    at Module._load (node:internal/modules/cjs/loader:1019:12)\n    at Module.require (node:internal/modules/cjs/loader:1231:19)\nCould not load the function, shutting down.. Please visit https://cloud.google.com/functions/docs/troubleshooting for in-depth troubleshooting documentation."
    },
    "status": 3,
    "code": 3
  }
}
[debug] [2024-09-08T00:34:11.814Z] Error: Failed to create function sendSMSOnNewCotacao in region us-central1
    at C:\Users\Connection\AppData\Roaming\npm\node_modules\firebase-tools\lib\deploy\functions\release\fabricator.js:52:11
    at process.processTicksAndRejections (node:internal/process/task_queues:95:5)
    at async Fabricator.createV1Function (C:\Users\Connection\AppData\Roaming\npm\node_modules\firebase-tools\lib\deploy\functions\release\fabricator.js:182:32)
    at async Fabricator.createEndpoint (C:\Users\Connection\AppData\Roaming\npm\node_modules\firebase-tools\lib\deploy\functions\release\fabricator.js:134:13)
    at async handle (C:\Users\Connection\AppData\Roaming\npm\node_modules\firebase-tools\lib\deploy\functions\release\fabricator.js:89:17)
[error] 
[error] Error: There was an error deploying functions
